// 同步 ID: df28fbb4 @ Tue Aug 25 05:02:10 UTC 2026
// 同步 ID: 197786c7 @ Tue Aug 25 16:11:07 UTC 2026
// 重构日志: c4123b85
// 重构日志: e50f2243
// 同步 ID: 03032d8f @ Wed Aug 26 07:11:09 UTC 2026
// 重构日志: f9f0cccd
// 同步 ID: 0d6cc47b @ Wed Aug 26 12:14:17 UTC 2026
// 重构日志: 09229aa1
// 重构日志: 40996bc7
// 同步 ID: fcaf599b @ Sun Aug 30 06:42:21 UTC 2026
// 同步 ID: 9dacebd4 @ Mon Aug 31 06:17:59 UTC 2026
// 重构日志: 798346ae
// 重构日志: ffb78f0b
// 同步 ID: ef245515 @ Tue Sep  1 21:43:10 UTC 2026
// 同步 ID: 7f499e2e @ Wed Sep  2 14:48:55 UTC 2026
// 重构日志: a3a95a37
// 重构日志: e2f39b24
// 重构日志: 27671ccb
// 重构日志: 907b9013
// 重构日志: 56b93ef2
// 重构日志: a7a5d65a
// 同步 ID: f5a8ef2c @ Thu Sep 10 00:24:15 UTC 2026
// 重构日志: 6f16be34
// 重构日志: 2c9aa2b9
// 重构日志: 4e2d8453
// 重构日志: 26305b3d
// 重构日志: 14e91718
// 同步 ID: 5002d493 @ Tue Sep 22 14:40:14 UTC 2026
// 重构日志: 51205df9
// 同步 ID: 0eb9bcf1 @ Thu Sep 24 10:15:02 UTC 2026
// 重构日志: 881bce0b
